kind=Struct
label=Projection Fixture
description=Every static editor attribute
group=ADR 0022
icon=boxes
actions=rebuild.preview
field=slider:Slider:Bounded scalar:Numbers:sliders:slider:-2..2:0.25:m:editable
field=default_widget:Default::::default::editable
field=number:Number::::number::editable
field=checkbox:Checkbox::::checkbox::editable
field=toggle:Toggle::::toggle::editable
field=dropdown:Dropdown::::dropdown:A|B::editable
field=asset:Asset::::asset:azoth.asset.Mesh::editable
field=object:Object::::object:azoth.prefab.Entity::editable
field=notes:Notes::::multiline:4::editable
field=color:Tint::::color::editable
field=vector:Direction::::vector:3::editable
field=internal:Internal::::default::hidden
field=locked:Locked::::default::read_only
